Archive member included to satisfy reference by file (symbol)

c:/stm32/flipperzero-firmware/toolchain/x86_64-windows/bin/../lib/gcc/arm-none-eabi/12.3.1/thumb/v7e-m+fp/hard\libgcc.a(_arm_addsubdf3.o)
                              build/f7-firmware-D/.extapps/lora_terminal/scenes/scene_config.o (__aeabi_f2d)

Discarded input sections

 .text          0x00000000        0x0 build/f7-firmware-D/.extapps/lora_terminal/scenes/scene_chat.o
 .data          0x00000000        0x0 build/f7-firmware-D/.extapps/lora_terminal/scenes/scene_chat.o
 .bss           0x00000000        0x0 build/f7-firmware-D/.extapps/lora_terminal/scenes/scene_chat.o
 .comment       0x00000000       0x1c build/f7-firmware-D/.extapps/lora_terminal/scenes/scene_chat.o
 .text          0x00000000        0x0 build/f7-firmware-D/.extapps/lora_terminal/scenes/scene_config.o
 .data          0x00000000        0x0 build/f7-firmware-D/.extapps/lora_terminal/scenes/scene_config.o
 .bss           0x00000000        0x0 build/f7-firmware-D/.extapps/lora_terminal/scenes/scene_config.o
 .comment       0x00000000       0x1c build/f7-firmware-D/.extapps/lora_terminal/scenes/scene_config.o
 .text          0x00000000        0x0 build/f7-firmware-D/.extapps/lora_terminal/scenes/scene_main_menu.o
 .data          0x00000000        0x0 build/f7-firmware-D/.extapps/lora_terminal/scenes/scene_main_menu.o
 .bss           0x00000000        0x0 build/f7-firmware-D/.extapps/lora_terminal/scenes/scene_main_menu.o
 .comment       0x00000000       0x1c build/f7-firmware-D/.extapps/lora_terminal/scenes/scene_main_menu.o
 .text          0x00000000        0x0 build/f7-firmware-D/.extapps/lora_terminal/scenes/scene_scan.o
 .data          0x00000000        0x0 build/f7-firmware-D/.extapps/lora_terminal/scenes/scene_scan.o
 .bss           0x00000000        0x0 build/f7-firmware-D/.extapps/lora_terminal/scenes/scene_scan.o
 .comment       0x00000000       0x1c build/f7-firmware-D/.extapps/lora_terminal/scenes/scene_scan.o
 .text          0x00000000        0x0 build/f7-firmware-D/.extapps/lora_terminal/scenes/scene_send.o
 .data          0x00000000        0x0 build/f7-firmware-D/.extapps/lora_terminal/scenes/scene_send.o
 .bss           0x00000000        0x0 build/f7-firmware-D/.extapps/lora_terminal/scenes/scene_send.o
 .comment       0x00000000       0x1c build/f7-firmware-D/.extapps/lora_terminal/scenes/scene_send.o
 .text          0x00000000        0x0 build/f7-firmware-D/.extapps/lora_terminal/scenes/scene_sniff.o
 .data          0x00000000        0x0 build/f7-firmware-D/.extapps/lora_terminal/scenes/scene_sniff.o
 .bss           0x00000000        0x0 build/f7-firmware-D/.extapps/lora_terminal/scenes/scene_sniff.o
 .comment       0x00000000       0x1c build/f7-firmware-D/.extapps/lora_terminal/scenes/scene_sniff.o
 .text          0x00000000        0x0 build/f7-firmware-D/.extapps/lora_terminal/lora_terminal_app.o
 .data          0x00000000        0x0 build/f7-firmware-D/.extapps/lora_terminal/lora_terminal_app.o
 .bss           0x00000000        0x0 build/f7-firmware-D/.extapps/lora_terminal/lora_terminal_app.o
 .comment       0x00000000       0x1c build/f7-firmware-D/.extapps/lora_terminal/lora_terminal_app.o
 .text          0x00000000        0x0 build/f7-firmware-D/.extapps/lora_terminal/uart_bridge.o
 .data          0x00000000        0x0 build/f7-firmware-D/.extapps/lora_terminal/uart_bridge.o
 .bss           0x00000000        0x0 build/f7-firmware-D/.extapps/lora_terminal/uart_bridge.o
 .comment       0x00000000       0x1c build/f7-firmware-D/.extapps/lora_terminal/uart_bridge.o
 .text          0x00000000        0x0 build/f7-firmware-D/.extapps/lora_terminal/lora_terminal_icons.o
 .data          0x00000000        0x0 build/f7-firmware-D/.extapps/lora_terminal/lora_terminal_icons.o
 .bss           0x00000000        0x0 build/f7-firmware-D/.extapps/lora_terminal/lora_terminal_icons.o
 .rodata.I_lora_10px
                0x00000000        0xc build/f7-firmware-D/.extapps/lora_terminal/lora_terminal_icons.o
 .rodata._I_lora_10px
                0x00000000        0x4 build/f7-firmware-D/.extapps/lora_terminal/lora_terminal_icons.o
 .rodata._I_lora_10px_0
                0x00000000       0x12 build/f7-firmware-D/.extapps/lora_terminal/lora_terminal_icons.o
 .debug_info    0x00000000      0x176 build/f7-firmware-D/.extapps/lora_terminal/lora_terminal_icons.o
 .debug_abbrev  0x00000000       0xb1 build/f7-firmware-D/.extapps/lora_terminal/lora_terminal_icons.o
 .debug_aranges
                0x00000000       0x18 build/f7-firmware-D/.extapps/lora_terminal/lora_terminal_icons.o
 .debug_line    0x00000000      0x171 build/f7-firmware-D/.extapps/lora_terminal/lora_terminal_icons.o
 .debug_str     0x00000000      0x25b build/f7-firmware-D/.extapps/lora_terminal/lora_terminal_icons.o
 .comment       0x00000000       0x1c build/f7-firmware-D/.extapps/lora_terminal/lora_terminal_icons.o
 .debug_line_end
                0x00000000        0x0 build/f7-firmware-D/.extapps/lora_terminal/lora_terminal_icons.o
 .data          0x00000000        0x0 c:/stm32/flipperzero-firmware/toolchain/x86_64-windows/bin/../lib/gcc/arm-none-eabi/12.3.1/thumb/v7e-m+fp/hard\libgcc.a(_arm_addsubdf3.o)
 .bss           0x00000000        0x0 c:/stm32/flipperzero-firmware/toolchain/x86_64-windows/bin/../lib/gcc/arm-none-eabi/12.3.1/thumb/v7e-m+fp/hard\libgcc.a(_arm_addsubdf3.o)

Memory Configuration

Name             Origin             Length             Attributes
*default*        0x00000000         0xffffffff

Linker script and memory map

LOAD build/f7-firmware-D/.extapps/lora_terminal/scenes/scene_chat.o
LOAD build/f7-firmware-D/.extapps/lora_terminal/scenes/scene_config.o
LOAD build/f7-firmware-D/.extapps/lora_terminal/scenes/scene_main_menu.o
LOAD build/f7-firmware-D/.extapps/lora_terminal/scenes/scene_scan.o
LOAD build/f7-firmware-D/.extapps/lora_terminal/scenes/scene_send.o
LOAD build/f7-firmware-D/.extapps/lora_terminal/scenes/scene_sniff.o
LOAD build/f7-firmware-D/.extapps/lora_terminal/lora_terminal_app.o
LOAD build/f7-firmware-D/.extapps/lora_terminal/uart_bridge.o
LOAD build/f7-firmware-D/.extapps/lora_terminal/lora_terminal_icons.o
LOAD c:/stm32/flipperzero-firmware/toolchain/x86_64-windows/bin/../lib/gcc/arm-none-eabi/12.3.1/../../../../arm-none-eabi/lib/thumb/v7e-m+fp/hard\libm.a
LOAD c:/stm32/flipperzero-firmware/toolchain/x86_64-windows/bin/../lib/gcc/arm-none-eabi/12.3.1/thumb/v7e-m+fp/hard\libgcc.a
LOAD c:/stm32/flipperzero-firmware/toolchain/x86_64-windows/bin/../lib/gcc/arm-none-eabi/12.3.1/../../../../arm-none-eabi/lib/thumb/v7e-m+fp/hard\libstdc++_nano.a
LOAD c:/stm32/flipperzero-firmware/toolchain/x86_64-windows/bin/../lib/gcc/arm-none-eabi/12.3.1/../../../../arm-none-eabi/lib/thumb/v7e-m+fp/hard\libsupc++_nano.a

.text           0x00000000     0x14d0
 *(.text)
 .text          0x00000000      0x378 c:/stm32/flipperzero-firmware/toolchain/x86_64-windows/bin/../lib/gcc/arm-none-eabi/12.3.1/thumb/v7e-m+fp/hard\libgcc.a(_arm_addsubdf3.o)
                0x00000000                __aeabi_drsub
                0x00000008                __aeabi_dsub
                0x00000008                __subdf3
                0x0000000c                __aeabi_dadd
                0x0000000c                __adddf3
                0x00000284                __floatunsidf
                0x00000284                __aeabi_ui2d
                0x000002a4                __floatsidf
                0x000002a4                __aeabi_i2d
                0x000002c8                __aeabi_f2d
                0x000002c8                __extendsfdf2
                0x0000030c                __floatundidf
                0x0000030c                __aeabi_ul2d
                0x0000031c                __floatdidf
                0x0000031c                __aeabi_l2d
 *(.stub)
 *(.text*)
 .text.chat_join_callback
                0x00000378       0x10 build/f7-firmware-D/.extapps/lora_terminal/scenes/scene_chat.o
 .text.lora_scene_chat_on_enter
                0x00000388       0x64 build/f7-firmware-D/.extapps/lora_terminal/scenes/scene_chat.o
                0x00000388                lora_scene_chat_on_enter
 .text.lora_scene_chat_on_event
                0x000003ec      0x24c build/f7-firmware-D/.extapps/lora_terminal/scenes/scene_chat.o
                0x000003ec                lora_scene_chat_on_event
 .text.lora_scene_chat_on_exit
                0x00000638       0x1c build/f7-firmware-D/.extapps/lora_terminal/scenes/scene_chat.o
                0x00000638                lora_scene_chat_on_exit
 .text.on_crc_change
                0x00000654       0x5c build/f7-firmware-D/.extapps/lora_terminal/scenes/scene_config.o
 .text.on_cr_change
                0x000006b0       0x4c build/f7-firmware-D/.extapps/lora_terminal/scenes/scene_config.o
 .text.on_bw_change
                0x000006fc       0x64 build/f7-firmware-D/.extapps/lora_terminal/scenes/scene_config.o
 .text.on_sf_change
                0x00000760       0x4c build/f7-firmware-D/.extapps/lora_terminal/scenes/scene_config.o
 .text.on_modem_change
                0x000007ac       0x5c build/f7-firmware-D/.extapps/lora_terminal/scenes/scene_config.o
 .text.power_label
                0x00000808       0x18 build/f7-firmware-D/.extapps/lora_terminal/scenes/scene_config.o
 .text.on_power_change
                0x00000820       0x58 build/f7-firmware-D/.extapps/lora_terminal/scenes/scene_config.o
 .text.lora_scene_config_on_enter
                0x00000878      0x154 build/f7-firmware-D/.extapps/lora_terminal/scenes/scene_config.o
                0x00000878                lora_scene_config_on_enter
 .text.lora_scene_config_on_event
                0x000009cc        0xe build/f7-firmware-D/.extapps/lora_terminal/scenes/scene_config.o
                0x000009cc                lora_scene_config_on_event
 *fill*         0x000009da        0x2 
 .text.lora_scene_config_on_exit
                0x000009dc       0x28 build/f7-firmware-D/.extapps/lora_terminal/scenes/scene_config.o
                0x000009dc                lora_scene_config_on_exit
 .text.main_menu_callback
                0x00000a04       0x50 build/f7-firmware-D/.extapps/lora_terminal/scenes/scene_main_menu.o
 .text.lora_scene_main_menu_on_enter
                0x00000a54       0x9c build/f7-firmware-D/.extapps/lora_terminal/scenes/scene_main_menu.o
                0x00000a54                lora_scene_main_menu_on_enter
 .text.lora_scene_main_menu_on_event
                0x00000af0       0xdc build/f7-firmware-D/.extapps/lora_terminal/scenes/scene_main_menu.o
                0x00000af0                lora_scene_main_menu_on_event
 .text.lora_scene_main_menu_on_exit
                0x00000bcc       0x10 build/f7-firmware-D/.extapps/lora_terminal/scenes/scene_main_menu.o
                0x00000bcc                lora_scene_main_menu_on_exit
 .text.scan_submenu_callback
                0x00000bdc       0x10 build/f7-firmware-D/.extapps/lora_terminal/scenes/scene_scan.o
 .text.lora_scene_scan_on_enter
                0x00000bec       0x7c build/f7-firmware-D/.extapps/lora_terminal/scenes/scene_scan.o
                0x00000bec                lora_scene_scan_on_enter
 .text.lora_scene_scan_on_event
                0x00000c68      0x184 build/f7-firmware-D/.extapps/lora_terminal/scenes/scene_scan.o
                0x00000c68                lora_scene_scan_on_event
 .text.lora_scene_scan_on_exit
                0x00000dec       0x1c build/f7-firmware-D/.extapps/lora_terminal/scenes/scene_scan.o
                0x00000dec                lora_scene_scan_on_exit
 .text.send_text_input_callback
                0x00000e08       0x10 build/f7-firmware-D/.extapps/lora_terminal/scenes/scene_send.o
 .text.lora_scene_send_on_enter
                0x00000e18       0x54 build/f7-firmware-D/.extapps/lora_terminal/scenes/scene_send.o
                0x00000e18                lora_scene_send_on_enter
 .text.lora_scene_send_on_event
                0x00000e6c       0xc0 build/f7-firmware-D/.extapps/lora_terminal/scenes/scene_send.o
                0x00000e6c                lora_scene_send_on_event
 .text.lora_scene_send_on_exit
                0x00000f2c       0x10 build/f7-firmware-D/.extapps/lora_terminal/scenes/scene_send.o
                0x00000f2c                lora_scene_send_on_exit
 .text.lora_scene_sniff_on_enter
                0x00000f3c       0x7c build/f7-firmware-D/.extapps/lora_terminal/scenes/scene_sniff.o
                0x00000f3c                lora_scene_sniff_on_enter
 .text.lora_scene_sniff_on_event
                0x00000fb8       0x94 build/f7-firmware-D/.extapps/lora_terminal/scenes/scene_sniff.o
                0x00000fb8                lora_scene_sniff_on_event
 .text.lora_scene_sniff_on_exit
                0x0000104c       0x38 build/f7-firmware-D/.extapps/lora_terminal/scenes/scene_sniff.o
                0x0000104c                lora_scene_sniff_on_exit
 .text.lora_app_alloc
                0x00001084      0x130 build/f7-firmware-D/.extapps/lora_terminal/lora_terminal_app.o
 .text.lora_app_tick_event
                0x000011b4       0x10 build/f7-firmware-D/.extapps/lora_terminal/lora_terminal_app.o
 .text.lora_app_back_event
                0x000011c4       0x10 build/f7-firmware-D/.extapps/lora_terminal/lora_terminal_app.o
 .text.lora_app_free
                0x000011d4       0x88 build/f7-firmware-D/.extapps/lora_terminal/lora_terminal_app.o
 .text.lora_terminal_app
                0x0000125c       0x30 build/f7-firmware-D/.extapps/lora_terminal/lora_terminal_app.o
                0x0000125c                lora_terminal_app
 .text.uart_rx_callback
                0x0000128c       0x30 build/f7-firmware-D/.extapps/lora_terminal/uart_bridge.o
 .text.lora_uart_init
                0x000012bc       0x54 build/f7-firmware-D/.extapps/lora_terminal/uart_bridge.o
                0x000012bc                lora_uart_init
 .text.lora_uart_deinit
                0x00001310       0x40 build/f7-firmware-D/.extapps/lora_terminal/uart_bridge.o
                0x00001310                lora_uart_deinit
 .text.lora_uart_send_cmd
                0x00001350       0x38 build/f7-firmware-D/.extapps/lora_terminal/uart_bridge.o
                0x00001350                lora_uart_send_cmd
 .text.lora_uart_send_cmdf
                0x00001388       0x34 build/f7-firmware-D/.extapps/lora_terminal/uart_bridge.o
                0x00001388                lora_uart_send_cmdf
 .text.lora_uart_read_line
                0x000013bc       0xa0 build/f7-firmware-D/.extapps/lora_terminal/uart_bridge.o
                0x000013bc                lora_uart_read_line
 .text.lora_text_box_append
                0x0000145c       0x74 build/f7-firmware-D/.extapps/lora_terminal/uart_bridge.o
                0x0000145c                lora_text_box_append
 *(.text.*)
 *(.text._*)
 *(.init)
 *(.fini)

.rodata         0x000014d0      0x422
 *(.rodata)
 *(.rodata1)
 *(.rodata.*)
 .rodata.lora_scene_chat_on_enter.str1.4
                0x000014d0       0x16 build/f7-firmware-D/.extapps/lora_terminal/scenes/scene_chat.o
 *fill*         0x000014e6        0x2 
 .rodata.lora_scene_chat_on_event.str1.4
                0x000014e8       0x5d build/f7-firmware-D/.extapps/lora_terminal/scenes/scene_chat.o
 *fill*         0x00001545        0x3 
 .rodata.on_crc_change.str1.4
                0x00001548        0xf build/f7-firmware-D/.extapps/lora_terminal/scenes/scene_config.o
 *fill*         0x00001557        0x1 
 .rodata.on_cr_change.str1.4
                0x00001558        0x6 build/f7-firmware-D/.extapps/lora_terminal/scenes/scene_config.o
 *fill*         0x0000155e        0x2 
 .rodata.on_bw_change.str1.4
                0x00001560        0x8 build/f7-firmware-D/.extapps/lora_terminal/scenes/scene_config.o
 .rodata.on_sf_change.str1.4
                0x00001568        0x6 build/f7-firmware-D/.extapps/lora_terminal/scenes/scene_config.o
 *fill*         0x0000156e        0x2 
 .rodata.on_modem_change.str1.4
                0x00001570       0x19 build/f7-firmware-D/.extapps/lora_terminal/scenes/scene_config.o
 *fill*         0x00001589        0x3 
 .rodata.power_label.str1.4
                0x0000158c        0x7 build/f7-firmware-D/.extapps/lora_terminal/scenes/scene_config.o
 *fill*         0x00001593        0x1 
 .rodata.on_power_change.str1.4
                0x00001594        0x9 build/f7-firmware-D/.extapps/lora_terminal/scenes/scene_config.o
 *fill*         0x0000159d        0x3 
 .rodata.lora_scene_config_on_enter.str1.4
                0x000015a0       0x44 build/f7-firmware-D/.extapps/lora_terminal/scenes/scene_config.o
 .rodata.str1.4
                0x000015e4       0xa1 build/f7-firmware-D/.extapps/lora_terminal/scenes/scene_config.o
 *fill*         0x00001685        0x3 
 .rodata.modem_labels
                0x00001688        0x8 build/f7-firmware-D/.extapps/lora_terminal/scenes/scene_config.o
 .rodata.crc_labels
                0x00001690        0x8 build/f7-firmware-D/.extapps/lora_terminal/scenes/scene_config.o
 .rodata.cr_labels
                0x00001698       0x10 build/f7-firmware-D/.extapps/lora_terminal/scenes/scene_config.o
 .rodata.bw_khz
                0x000016a8       0x28 build/f7-firmware-D/.extapps/lora_terminal/scenes/scene_config.o
 .rodata.bw_labels
                0x000016d0       0x28 build/f7-firmware-D/.extapps/lora_terminal/scenes/scene_config.o
 .rodata.sf_labels
                0x000016f8       0x20 build/f7-firmware-D/.extapps/lora_terminal/scenes/scene_config.o
 .rodata.lora_scene_main_menu_on_enter.str1.4
                0x00001718       0x6d build/f7-firmware-D/.extapps/lora_terminal/scenes/scene_main_menu.o
 *fill*         0x00001785        0x3 
 .rodata.lora_scene_main_menu_on_event.str1.4
                0x00001788        0x7 build/f7-firmware-D/.extapps/lora_terminal/scenes/scene_main_menu.o
 *fill*         0x0000178f        0x1 
 .rodata.lora_scene_scan_on_enter.str1.4
                0x00001790       0x4d build/f7-firmware-D/.extapps/lora_terminal/scenes/scene_scan.o
 *fill*         0x000017dd        0x3 
 .rodata.lora_scene_scan_on_event.str1.4
                0x000017e0       0x44 build/f7-firmware-D/.extapps/lora_terminal/scenes/scene_scan.o
 .rodata.lora_scene_send_on_enter.str1.4
                0x00001824       0x11 build/f7-firmware-D/.extapps/lora_terminal/scenes/scene_send.o
 *fill*         0x00001835        0x3 
 .rodata.lora_scene_send_on_event.str1.4
                0x00001838        0xf build/f7-firmware-D/.extapps/lora_terminal/scenes/scene_send.o
 *fill*         0x00001847        0x1 
 .rodata.lora_scene_sniff_on_enter.str1.4
                0x00001848       0x32 build/f7-firmware-D/.extapps/lora_terminal/scenes/scene_sniff.o
 *fill*         0x0000187a        0x2 
 .rodata.lora_scene_sniff_on_exit.str1.4
                0x0000187c        0x5 build/f7-firmware-D/.extapps/lora_terminal/scenes/scene_sniff.o
 *fill*         0x00001881        0x3 
 .rodata.lora_app_alloc.str1.4
                0x00001884       0x11 build/f7-firmware-D/.extapps/lora_terminal/lora_terminal_app.o
 *fill*         0x00001895        0x3 
 .rodata.scene_handlers
                0x00001898       0x10 build/f7-firmware-D/.extapps/lora_terminal/lora_terminal_app.o
 .rodata.scene_on_exit
                0x000018a8       0x18 build/f7-firmware-D/.extapps/lora_terminal/lora_terminal_app.o
 .rodata.scene_on_event
                0x000018c0       0x18 build/f7-firmware-D/.extapps/lora_terminal/lora_terminal_app.o
 .rodata.scene_on_enter
                0x000018d8       0x18 build/f7-firmware-D/.extapps/lora_terminal/lora_terminal_app.o
 .rodata.lora_uart_send_cmd.str1.4
                0x000018f0        0x2 build/f7-firmware-D/.extapps/lora_terminal/uart_bridge.o

.data
 *(.data)
 *(.data1)
 *(.data.*)

.bss
 *(.bss)
 *(.bss*)
 *(.sbss)
 *(.sbss*)
 *(COMMON)

.stab
 *(.stab)

.stabstr
 *(.stabstr)

.stab.excl
 *(.stab.excl)

.stab.exclstr
 *(.stab.exclstr)

.stab.index
 *(.stab.index)

.stab.indexstr
 *(.stab.indexstr)

.gnu.build.attributes
 *(.gnu.build.attributes .gnu.build.attributes.*)

.debug
 *(.debug)

.line
 *(.line)

.debug_srcinfo
 *(.debug_srcinfo)

.debug_sfnames
 *(.debug_sfnames)

.debug_aranges  0x00000000      0x208
 *(.debug_aranges)
 .debug_aranges
                0x00000000       0x38 build/f7-firmware-D/.extapps/lora_terminal/scenes/scene_chat.o
 .debug_aranges
                0x00000038       0x68 build/f7-firmware-D/.extapps/lora_terminal/scenes/scene_config.o
 .debug_aranges
                0x000000a0       0x38 build/f7-firmware-D/.extapps/lora_terminal/scenes/scene_main_menu.o
 .debug_aranges
                0x000000d8       0x38 build/f7-firmware-D/.extapps/lora_terminal/scenes/scene_scan.o
 .debug_aranges
                0x00000110       0x38 build/f7-firmware-D/.extapps/lora_terminal/scenes/scene_send.o
 .debug_aranges
                0x00000148       0x30 build/f7-firmware-D/.extapps/lora_terminal/scenes/scene_sniff.o
 .debug_aranges
                0x00000178       0x40 build/f7-firmware-D/.extapps/lora_terminal/lora_terminal_app.o
 .debug_aranges
                0x000001b8       0x50 build/f7-firmware-D/.extapps/lora_terminal/uart_bridge.o

.debug_pubnames
 *(.debug_pubnames)

.debug_info     0x00000000     0x65f6
 *(.debug_info .gnu.linkonce.wi.*)
 .debug_info    0x00000000      0xd74 build/f7-firmware-D/.extapps/lora_terminal/scenes/scene_chat.o
 .debug_info    0x00000d74      0xecc build/f7-firmware-D/.extapps/lora_terminal/scenes/scene_config.o
 .debug_info    0x00001c40      0xb2d build/f7-firmware-D/.extapps/lora_terminal/scenes/scene_main_menu.o
 .debug_info    0x0000276d      0xddc build/f7-firmware-D/.extapps/lora_terminal/scenes/scene_scan.o
 .debug_info    0x00003549      0xbe6 build/f7-firmware-D/.extapps/lora_terminal/scenes/scene_send.o
 .debug_info    0x0000412f      0x912 build/f7-firmware-D/.extapps/lora_terminal/scenes/scene_sniff.o
 .debug_info    0x00004a41      0xf09 build/f7-firmware-D/.extapps/lora_terminal/lora_terminal_app.o
 .debug_info    0x0000594a      0xcac build/f7-firmware-D/.extapps/lora_terminal/uart_bridge.o

.debug_abbrev   0x00000000     0x13c6
 *(.debug_abbrev)
 .debug_abbrev  0x00000000      0x251 build/f7-firmware-D/.extapps/lora_terminal/scenes/scene_chat.o
 .debug_abbrev  0x00000251      0x2a1 build/f7-firmware-D/.extapps/lora_terminal/scenes/scene_config.o
 .debug_abbrev  0x000004f2      0x242 build/f7-firmware-D/.extapps/lora_terminal/scenes/scene_main_menu.o
 .debug_abbrev  0x00000734      0x2b7 build/f7-firmware-D/.extapps/lora_terminal/scenes/scene_scan.o
 .debug_abbrev  0x000009eb      0x27a build/f7-firmware-D/.extapps/lora_terminal/scenes/scene_send.o
 .debug_abbrev  0x00000c65      0x242 build/f7-firmware-D/.extapps/lora_terminal/scenes/scene_sniff.o
 .debug_abbrev  0x00000ea7      0x24b build/f7-firmware-D/.extapps/lora_terminal/lora_terminal_app.o
 .debug_abbrev  0x000010f2      0x2d4 build/f7-firmware-D/.extapps/lora_terminal/uart_bridge.o

.debug_line     0x00000000     0x28dd
 *(.debug_line .debug_line.* .debug_line_end)
 .debug_line    0x00000000      0x353 build/f7-firmware-D/.extapps/lora_terminal/scenes/scene_chat.o
 .debug_line.text.chat_join_callback
                0x00000353       0x1d build/f7-firmware-D/.extapps/lora_terminal/scenes/scene_chat.o
 .debug_line.text.lora_scene_chat_on_enter
                0x00000370       0x2c build/f7-firmware-D/.extapps/lora_terminal/scenes/scene_chat.o
 .debug_line.text.lora_scene_chat_on_event
                0x0000039c      0x194 build/f7-firmware-D/.extapps/lora_terminal/scenes/scene_chat.o
 .debug_line.text.lora_scene_chat_on_exit
                0x00000530       0x22 build/f7-firmware-D/.extapps/lora_terminal/scenes/scene_chat.o
 .debug_line_end
                0x00000552        0x0 build/f7-firmware-D/.extapps/lora_terminal/scenes/scene_chat.o
 .debug_line    0x00000552      0x3bb build/f7-firmware-D/.extapps/lora_terminal/scenes/scene_config.o
 .debug_line.text.on_crc_change
                0x0000090d       0x44 build/f7-firmware-D/.extapps/lora_terminal/scenes/scene_config.o
 .debug_line.text.on_cr_change
                0x00000951       0x38 build/f7-firmware-D/.extapps/lora_terminal/scenes/scene_config.o
 .debug_line.text.on_bw_change
                0x00000989       0x3b build/f7-firmware-D/.extapps/lora_terminal/scenes/scene_config.o
 .debug_line.text.on_sf_change
                0x000009c4       0x38 build/f7-firmware-D/.extapps/lora_terminal/scenes/scene_config.o
 .debug_line.text.on_modem_change
                0x000009fc       0x43 build/f7-firmware-D/.extapps/lora_terminal/scenes/scene_config.o
 .debug_line.text.power_label
                0x00000a3f       0x1e build/f7-firmware-D/.extapps/lora_terminal/scenes/scene_config.o
 .debug_line.text.on_power_change
                0x00000a5d       0x3a build/f7-firmware-D/.extapps/lora_terminal/scenes/scene_config.o
 .debug_line.text.lora_scene_config_on_enter
                0x00000a97       0x8e build/f7-firmware-D/.extapps/lora_terminal/scenes/scene_config.o
 .debug_line.text.lora_scene_config_on_event
                0x00000b25       0x1f build/f7-firmware-D/.extapps/lora_terminal/scenes/scene_config.o
 .debug_line.text.lora_scene_config_on_exit
                0x00000b44       0x2f build/f7-firmware-D/.extapps/lora_terminal/scenes/scene_config.o
 .debug_line_end
                0x00000b73        0x0 build/f7-firmware-D/.extapps/lora_terminal/scenes/scene_config.o
 .debug_line    0x00000b73      0x358 build/f7-firmware-D/.extapps/lora_terminal/scenes/scene_main_menu.o
 .debug_line.text.main_menu_callback
                0x00000ecb       0x4d build/f7-firmware-D/.extapps/lora_terminal/scenes/scene_main_menu.o
 .debug_line.text.lora_scene_main_menu_on_enter
                0x00000f18       0x28 build/f7-firmware-D/.extapps/lora_terminal/scenes/scene_main_menu.o
 .debug_line.text.lora_scene_main_menu_on_event
                0x00000f40       0x90 build/f7-firmware-D/.extapps/lora_terminal/scenes/scene_main_menu.o
 .debug_line.text.lora_scene_main_menu_on_exit
                0x00000fd0       0x1e build/f7-firmware-D/.extapps/lora_terminal/scenes/scene_main_menu.o
 .debug_line_end
                0x00000fee        0x0 build/f7-firmware-D/.extapps/lora_terminal/scenes/scene_main_menu.o
 .debug_line    0x00000fee      0x386 build/f7-firmware-D/.extapps/lora_terminal/scenes/scene_scan.o
 .debug_line.text.scan_submenu_callback
                0x00001374       0x1d build/f7-firmware-D/.extapps/lora_terminal/scenes/scene_scan.o
 .debug_line.text.lora_scene_scan_on_enter
                0x00001391       0x26 build/f7-firmware-D/.extapps/lora_terminal/scenes/scene_scan.o
 .debug_line.text.lora_scene_scan_on_event
                0x000013b7      0x119 build/f7-firmware-D/.extapps/lora_terminal/scenes/scene_scan.o
 .debug_line.text.lora_scene_scan_on_exit
                0x000014d0       0x22 build/f7-firmware-D/.extapps/lora_terminal/scenes/scene_scan.o
 .debug_line_end
                0x000014f2        0x0 build/f7-firmware-D/.extapps/lora_terminal/scenes/scene_scan.o
 .debug_line    0x000014f2      0x386 build/f7-firmware-D/.extapps/lora_terminal/scenes/scene_send.o
 .debug_line.text.send_text_input_callback
                0x00001878       0x1b build/f7-firmware-D/.extapps/lora_terminal/scenes/scene_send.o
 .debug_line.text.lora_scene_send_on_enter
                0x00001893       0x29 build/f7-firmware-D/.extapps/lora_terminal/scenes/scene_send.o
 .debug_line.text.lora_scene_send_on_event
                0x000018bc       0x77 build/f7-firmware-D/.extapps/lora_terminal/scenes/scene_send.o
 .debug_line.text.lora_scene_send_on_exit
                0x00001933       0x1d build/f7-firmware-D/.extapps/lora_terminal/scenes/scene_send.o
 .debug_line_end
                0x00001950        0x0 build/f7-firmware-D/.extapps/lora_terminal/scenes/scene_send.o
 .debug_line    0x00001950      0x354 build/f7-firmware-D/.extapps/lora_terminal/scenes/scene_sniff.o
 .debug_line.text.lora_scene_sniff_on_enter
                0x00001ca4       0x2b build/f7-firmware-D/.extapps/lora_terminal/scenes/scene_sniff.o
 .debug_line.text.lora_scene_sniff_on_event
                0x00001ccf       0x91 build/f7-firmware-D/.extapps/lora_terminal/scenes/scene_sniff.o
 .debug_line.text.lora_scene_sniff_on_exit
                0x00001d60       0x2e build/f7-firmware-D/.extapps/lora_terminal/scenes/scene_sniff.o
 .debug_line_end
                0x00001d8e        0x0 build/f7-firmware-D/.extapps/lora_terminal/scenes/scene_sniff.o
 .debug_line    0x00001d8e      0x3b2 build/f7-firmware-D/.extapps/lora_terminal/lora_terminal_app.o
 .debug_line.text.lora_app_alloc
                0x00002140       0xa5 build/f7-firmware-D/.extapps/lora_terminal/lora_terminal_app.o
 .debug_line.text.lora_app_tick_event
                0x000021e5       0x1d build/f7-firmware-D/.extapps/lora_terminal/lora_terminal_app.o
 .debug_line.text.lora_app_back_event
                0x00002202       0x20 build/f7-firmware-D/.extapps/lora_terminal/lora_terminal_app.o
 .debug_line.text.lora_app_free
                0x00002222       0x2a build/f7-firmware-D/.extapps/lora_terminal/lora_terminal_app.o
 .debug_line.text.lora_terminal_app
                0x0000224c       0x2d build/f7-firmware-D/.extapps/lora_terminal/lora_terminal_app.o
 .debug_line_end
                0x00002279        0x0 build/f7-firmware-D/.extapps/lora_terminal/lora_terminal_app.o
 .debug_line    0x00002279      0x3f2 build/f7-firmware-D/.extapps/lora_terminal/uart_bridge.o
 .debug_line.text.uart_rx_callback
                0x0000266b       0x30 build/f7-firmware-D/.extapps/lora_terminal/uart_bridge.o
 .debug_line.text.lora_uart_init
                0x0000269b       0x4a build/f7-firmware-D/.extapps/lora_terminal/uart_bridge.o
 .debug_line.text.lora_uart_deinit
                0x000026e5       0x49 build/f7-firmware-D/.extapps/lora_terminal/uart_bridge.o
 .debug_line.text.lora_uart_send_cmd
                0x0000272e       0x3f build/f7-firmware-D/.extapps/lora_terminal/uart_bridge.o
 .debug_line.text.lora_uart_send_cmdf
                0x0000276d       0x24 build/f7-firmware-D/.extapps/lora_terminal/uart_bridge.o
 .debug_line.text.lora_uart_read_line
                0x00002791       0xca build/f7-firmware-D/.extapps/lora_terminal/uart_bridge.o
 .debug_line.text.lora_text_box_append
                0x0000285b       0x82 build/f7-firmware-D/.extapps/lora_terminal/uart_bridge.o
 .debug_line_end
                0x000028dd        0x0 build/f7-firmware-D/.extapps/lora_terminal/uart_bridge.o

.debug_frame    0x00000000      0x56c
 *(.debug_frame)
 .debug_frame   0x00000000       0x88 build/f7-firmware-D/.extapps/lora_terminal/scenes/scene_chat.o
 .debug_frame   0x00000088      0x138 build/f7-firmware-D/.extapps/lora_terminal/scenes/scene_config.o
 .debug_frame   0x000001c0       0x88 build/f7-firmware-D/.extapps/lora_terminal/scenes/scene_main_menu.o
 .debug_frame   0x00000248       0x8c build/f7-firmware-D/.extapps/lora_terminal/scenes/scene_scan.o
 .debug_frame   0x000002d4       0x84 build/f7-firmware-D/.extapps/lora_terminal/scenes/scene_send.o
 .debug_frame   0x00000358       0x74 build/f7-firmware-D/.extapps/lora_terminal/scenes/scene_sniff.o
 .debug_frame   0x000003cc       0x94 build/f7-firmware-D/.extapps/lora_terminal/lora_terminal_app.o
 .debug_frame   0x00000460      0x10c build/f7-firmware-D/.extapps/lora_terminal/uart_bridge.o

.debug_str      0x00000000     0x48c3
 *(.debug_str)
 .debug_str     0x00000000      0x832 build/f7-firmware-D/.extapps/lora_terminal/scenes/scene_chat.o
 .debug_str     0x00000832      0x71f build/f7-firmware-D/.extapps/lora_terminal/scenes/scene_config.o
 .debug_str     0x00000f51      0x7d3 build/f7-firmware-D/.extapps/lora_terminal/scenes/scene_main_menu.o
 .debug_str     0x00001724      0xbb4 build/f7-firmware-D/.extapps/lora_terminal/scenes/scene_scan.o
 .debug_str     0x000022d8      0xba2 build/f7-firmware-D/.extapps/lora_terminal/scenes/scene_send.o
 .debug_str     0x00002e7a      0x62f build/f7-firmware-D/.extapps/lora_terminal/scenes/scene_sniff.o
 .debug_str     0x000034a9      0xbfb build/f7-firmware-D/.extapps/lora_terminal/lora_terminal_app.o
 .debug_str     0x000040a4      0x81f build/f7-firmware-D/.extapps/lora_terminal/uart_bridge.o

.debug_loc
 *(.debug_loc)

.debug_macinfo
 *(.debug_macinfo)

.debug_weaknames
 *(.debug_weaknames)

.debug_funcnames
 *(.debug_funcnames)

.debug_typenames
 *(.debug_typenames)

.debug_varnames
 *(.debug_varnames)

.debug_pubtypes
 *(.debug_pubtypes)

.debug_ranges
 *(.debug_ranges)

.debug_addr
 *(.debug_addr)

.debug_line_str
                0x00000000       0xaa
 *(.debug_line_str)
 .debug_line_str
                0x00000000       0xaa c:/stm32/flipperzero-firmware/toolchain/x86_64-windows/bin/../lib/gcc/arm-none-eabi/12.3.1/thumb/v7e-m+fp/hard\libgcc.a(_arm_addsubdf3.o)

.debug_loclists
                0x00000000      0xe45
 *(.debug_loclists)
 .debug_loclists
                0x00000000      0x14d build/f7-firmware-D/.extapps/lora_terminal/scenes/scene_chat.o
 .debug_loclists
                0x0000014d      0x28f build/f7-firmware-D/.extapps/lora_terminal/scenes/scene_config.o
 .debug_loclists
                0x000003dc      0x2c0 build/f7-firmware-D/.extapps/lora_terminal/scenes/scene_main_menu.o
 .debug_loclists
                0x0000069c      0x1e8 build/f7-firmware-D/.extapps/lora_terminal/scenes/scene_scan.o
 .debug_loclists
                0x00000884      0x130 build/f7-firmware-D/.extapps/lora_terminal/scenes/scene_send.o
 .debug_loclists
                0x000009b4      0x10e build/f7-firmware-D/.extapps/lora_terminal/scenes/scene_sniff.o
 .debug_loclists
                0x00000ac2       0xd0 build/f7-firmware-D/.extapps/lora_terminal/lora_terminal_app.o
 .debug_loclists
                0x00000b92      0x2b3 build/f7-firmware-D/.extapps/lora_terminal/uart_bridge.o

.debug_macro
 *(.debug_macro)

.debug_names
 *(.debug_names)

.debug_rnglists
                0x00000000      0x18f
 *(.debug_rnglists)
 .debug_rnglists
                0x00000000       0x32 build/f7-firmware-D/.extapps/lora_terminal/scenes/scene_chat.o
 .debug_rnglists
                0x00000032       0x4a build/f7-firmware-D/.extapps/lora_terminal/scenes/scene_config.o
 .debug_rnglists
                0x0000007c       0x27 build/f7-firmware-D/.extapps/lora_terminal/scenes/scene_main_menu.o
 .debug_rnglists
                0x000000a3       0x35 build/f7-firmware-D/.extapps/lora_terminal/scenes/scene_scan.o
 .debug_rnglists
                0x000000d8       0x26 build/f7-firmware-D/.extapps/lora_terminal/scenes/scene_send.o
 .debug_rnglists
                0x000000fe       0x20 build/f7-firmware-D/.extapps/lora_terminal/scenes/scene_sniff.o
 .debug_rnglists
                0x0000011e       0x2d build/f7-firmware-D/.extapps/lora_terminal/lora_terminal_app.o
 .debug_rnglists
                0x0000014b       0x44 build/f7-firmware-D/.extapps/lora_terminal/uart_bridge.o

.debug_str_offsets
 *(.debug_str_offsets)

.debug_sup
 *(.debug_sup)

.ARM.attributes
                0x00000000       0x34
 *(.ARM.attributes)
 .ARM.attributes
                0x00000000       0x34 build/f7-firmware-D/.extapps/lora_terminal/scenes/scene_chat.o
 .ARM.attributes
                0x00000034       0x34 build/f7-firmware-D/.extapps/lora_terminal/scenes/scene_config.o
 .ARM.attributes
                0x00000068       0x34 build/f7-firmware-D/.extapps/lora_terminal/scenes/scene_main_menu.o
 .ARM.attributes
                0x0000009c       0x34 build/f7-firmware-D/.extapps/lora_terminal/scenes/scene_scan.o
 .ARM.attributes
                0x000000d0       0x34 build/f7-firmware-D/.extapps/lora_terminal/scenes/scene_send.o
 .ARM.attributes
                0x00000104       0x34 build/f7-firmware-D/.extapps/lora_terminal/scenes/scene_sniff.o
 .ARM.attributes
                0x00000138       0x34 build/f7-firmware-D/.extapps/lora_terminal/lora_terminal_app.o
 .ARM.attributes
                0x0000016c       0x34 build/f7-firmware-D/.extapps/lora_terminal/uart_bridge.o
 .ARM.attributes
                0x000001a0       0x34 build/f7-firmware-D/.extapps/lora_terminal/lora_terminal_icons.o
 .ARM.attributes
                0x000001d4       0x22 c:/stm32/flipperzero-firmware/toolchain/x86_64-windows/bin/../lib/gcc/arm-none-eabi/12.3.1/thumb/v7e-m+fp/hard\libgcc.a(_arm_addsubdf3.o)
 *(.gnu.attributes)

.note.gnu.arm.ident
 *(.note.gnu.arm.ident)

/DISCARD/
 *(.note.GNU-stack)
 *(.gnu_debuglink)
 *(.gnu.lto_*)

/DISCARD/
 *(.comment)
 *(.comment.*)
 *(.llvmbc)
 *(.llvmcmd)
OUTPUT(build/f7-firmware-D/.extapps/lora_terminal_d.elf elf32-littlearm)
LOAD linker stubs
